2026-05-16T00:39:21.844116 get_db_connection using sqlite fallback
2026-05-16T00:39:21.851066 register_user start username=probe_user_17 sqlite=True
2026-05-16T00:39:22.112756 register_user success username=probe_user_17
2026-05-16T00:40:00.083786 get_db_connection using sqlite fallback
2026-05-16T00:40:00.092277 register_user start username=probe_user_18 sqlite=True
2026-05-16T00:40:00.363558 register_user success username=probe_user_18
2026-05-16T00:41:40.686517 get_db_connection using sqlite fallback
2026-05-16T00:41:54.730293 get_db_connection using sqlite fallback
2026-05-16T00:43:07.754597 get_db_connection using sqlite fallback
2026-05-16T00:43:07.758625 register_user start username=demoguy sqlite=True
2026-05-16T00:43:08.000295 register_user success username=demoguy
2026-05-16T00:43:19.938480 get_db_connection using sqlite fallback
2026-05-16T00:43:26.494066 get_db_connection using sqlite fallback
2026-05-16T00:43:30.589336 get_db_connection using sqlite fallback
2026-05-16T00:43:45.996972 get_db_connection using sqlite fallback
2026-05-16T00:43:51.823540 get_db_connection using sqlite fallback
2026-05-16T00:43:55.900140 get_db_connection using sqlite fallback
2026-05-16T00:44:05.649587 get_db_connection using sqlite fallback
2026-05-16T00:44:09.706278 get_db_connection using sqlite fallback
2026-05-16T00:45:48.498676 get_db_connection using sqlite fallback
2026-05-16T00:45:52.574154 get_db_connection using sqlite fallback
2026-05-16T00:45:56.647073 get_db_connection using sqlite fallback
2026-05-16T00:46:00.695516 get_db_connection using sqlite fallback
2026-05-16T00:46:33.644032 get_db_connection using sqlite fallback
2026-05-16T00:46:34.246985 get_db_connection using sqlite fallback
2026-05-16T00:46:37.730763 get_db_connection using sqlite fallback
2026-05-16T00:46:38.561180 get_db_connection using sqlite fallback
2026-05-16T00:46:42.611035 get_db_connection using sqlite fallback
2026-05-16T00:47:04.146908 get_db_connection using sqlite fallback
2026-05-16T00:47:08.228579 get_db_connection using sqlite fallback
2026-05-16T00:49:24.564491 get_db_connection using sqlite fallback
2026-05-16T00:49:28.667808 get_db_connection using sqlite fallback
2026-05-16T00:50:53.283561 get_db_connection using sqlite fallback
2026-05-16T00:50:57.376275 get_db_connection using sqlite fallback
2026-05-16T00:51:08.440424 get_db_connection using sqlite fallback
2026-05-16T00:51:11.898645 get_db_connection using sqlite fallback
2026-05-16T00:51:12.567310 get_db_connection using sqlite fallback
2026-05-16T00:51:15.995576 get_db_connection using sqlite fallback
2026-05-16T00:51:16.664313 get_db_connection using sqlite fallback
2026-05-16T00:51:20.732214 get_db_connection using sqlite fallback
2026-05-16T00:51:22.527083 get_db_connection using sqlite fallback
2026-05-16T00:51:52.166867 get_db_connection using sqlite fallback
2026-05-16T00:51:58.787133 get_db_connection using sqlite fallback
2026-05-16T00:52:02.886565 get_db_connection using sqlite fallback
2026-05-16T00:52:59.410032 get_db_connection using sqlite fallback
2026-05-16T00:53:00.228928 get_db_connection using sqlite fallback
2026-05-16T00:53:03.534361 get_db_connection using sqlite fallback
2026-05-16T00:53:04.327650 get_db_connection using sqlite fallback
2026-05-16T00:53:07.626202 get_db_connection using sqlite fallback
2026-05-16T00:53:08.414307 get_db_connection using sqlite fallback
2026-05-16T00:53:14.949713 get_db_connection using sqlite fallback
2026-05-16T00:53:15.248066 get_db_connection using sqlite fallback
2026-05-16T00:54:53.261336 get_db_connection using sqlite fallback
2026-05-16T00:54:57.322746 get_db_connection using sqlite fallback
2026-05-16T00:58:17.944258 get_db_connection using sqlite fallback
2026-05-16T00:58:22.014063 get_db_connection using sqlite fallback
2026-05-16T00:58:36.581056 get_db_connection using sqlite fallback
2026-05-16T00:59:13.855815 get_db_connection using sqlite fallback
2026-05-16T01:01:24.357183 get_db_connection using sqlite fallback
